map custom_isometric
scene test-scene1
background maps/custom_isometric/dungeonbackground.jpg 3000 3000
entity maps/custom_isometric/animations/bigredrotate/bigRed090.png 900 400 100 100 maps/custom_isometric/animations/bigredrotate 0 1
entity maps/custom_isometric/animations/bigredrotate_evil/bigRed090_evil.png 1000 1400 100 100 maps/custom_isometric/animations/bigredrotate_evil 0 1
entity maps/custom_isometric/animations/bigredrotate_evil/bigRed090_evil.png 1600 1400 100 100 maps/custom_isometric/animations/bigredrotate_evil 0 1
entity maps/custom_isometric/animations/bigredrotate_evil/bigRed090_evil.png 2200 1400 100 100 maps/custom_isometric/animations/bigredrotate_evil 0 1
object maps/custom_isometric/objects/scenery/sceneryGrassTileLR.png 800 300 100 100 0
object maps/custom_isometric/objects/scenery/sceneryGrassTile.png 900 300 100 100 0
object maps/custom_isometric/objects/scenery/sceneryGrassTile.png 1000 300 100 100 0
object maps/custom_isometric/objects/scenery/sceneryGrassTile.png 1100 300 100 100 0
object maps/custom_isometric/objects/scenery/sceneryGrassTile.png 1200 300 100 100 0
object maps/custom_isometric/objects/scenery/sceneryGrassTile.png 1300 300 100 100 0
object maps/custom_isometric/objects/scenery/sceneryGrassTile.png 1400 300 100 100 0
object maps/custom_isometric/objects/scenery/sceneryGrassTile.png 1500 300 100 100 0
object maps/custom_isometric/objects/scenery/sceneryGrassTile.png 1600 300 100 100 0
object maps/custom_isometric/objects/scenery/sceneryGrassTile.png 1700 300 100 100 0
object maps/custom_isometric/objects/scenery/sceneryGrassTile.png 1800 300 100 100 0
object maps/custom_isometric/objects/scenery/sceneryGrassTileUL.png 1900 300 100 100 0
object maps/custom_isometric/objects/scenery/sceneryGrassTileLR.png 700 400 100 100 0
object maps/custom_isometric/objects/scenery/sceneryGrassTile.png 800 400 100 100 0
object maps/custom_isometric/objects/scenery/sceneryGrassTile.png 900 400 100 100 0
object maps/custom_isometric/objects/scenery/sceneryGrassTile.png 1000 400 100 100 0
object maps/custom_isometric/objects/scenery/sceneryGrassTile.png 1100 400 100 100 0
object maps/custom_isometric/objects/scenery/sceneryGrassTile.png 1200 400 100 100 0
object maps/custom_isometric/objects/scenery/sceneryGrassTile.png 1300 400 100 100 0
object maps/custom_isometric/objects/scenery/sceneryGrassTile.png 1400 400 100 100 0
object maps/custom_isometric/objects/scenery/sceneryGrassTile.png 1500 400 100 100 0
object maps/custom_isometric/objects/scenery/sceneryGrassTile.png 1600 400 100 100 0
object maps/custom_isometric/objects/scenery/sceneryGrassTile.png 1700 400 100 100 0
object maps/custom_isometric/objects/scenery/sceneryGrassTileUL.png 1800 400 100 100 0
object maps/custom_isometric/objects/scenery/sceneryGrassTileLR.png 1900 400 100 100 0
object maps/custom_isometric/objects/scenery/sceneryGrassTile.png 2000 400 100 100 0
object maps/custom_isometric/objects/scenery/sceneryGrassTile.png 2100 400 100 100 0
object maps/custom_isometric/objects/scenery/sceneryGrassTile.png 2200 400 100 100 0
object maps/custom_isometric/objects/scenery/sceneryGrassTile.png 2300 400 100 100 0
object maps/custom_isometric/objects/scenery/sceneryGrassTile.png 2400 400 100 100 0
object maps/custom_isometric/objects/scenery/sceneryGrassTile.png 2500 400 100 100 0
object maps/custom_isometric/objects/scenery/sceneryGrassTile.png 2600 400 100 100 0
object maps/custom_isometric/objects/scenery/sceneryGrassTile.png 2700 400 100 100 0
object maps/custom_isometric/objects/scenery/sceneryGrassTileUL.png 2800 400 100 100 0
object maps/custom_isometric/objects/scenery/sceneryGrassTileLR.png 600 500 100 100 0
object maps/custom_isometric/objects/scenery/sceneryGrassTile.png 700 500 100 100 0
object maps/custom_isometric/objects/scenery/sceneryGrassTile.png 800 500 100 100 0
object maps/custom_isometric/objects/scenery/sceneryGrassTile.png 900 500 100 100 0
object maps/custom_isometric/objects/scenery/sceneryGrassTile.png 1000 500 100 100 0
object maps/custom_isometric/objects/scenery/sceneryGrassTile.png 1100 500 100 100 0
object maps/custom_isometric/objects/scenery/sceneryGrassTile.png 1200 500 100 100 0
object maps/custom_isometric/objects/scenery/sceneryGrassTile.png 1300 500 100 100 0
object maps/custom_isometric/objects/scenery/sceneryGrassTile.png 1400 500 100 100 0
object maps/custom_isometric/objects/scenery/sceneryBlockTree.png 1400 500 100 100 0
object maps/custom_isometric/objects/scenery/sceneryGrassTile.png 1500 500 100 100 0
object maps/custom_isometric/objects/scenery/sceneryGrassTile.png 1600 500 100 100 0
object maps/custom_isometric/objects/scenery/sceneryGrassTileUL.png 1700 500 100 100 0
object maps/custom_isometric/objects/scenery/sceneryGrassTileLR.png 1800 500 100 100 0
object maps/custom_isometric/objects/scenery/sceneryGrassTile.png 1900 500 100 100 0
object maps/custom_isometric/objects/scenery/sceneryGrassTile.png 2000 500 100 100 0
object maps/custom_isometric/objects/scenery/sceneryGrassTile.png 2100 500 100 100 0
object maps/custom_isometric/objects/scenery/sceneryGrassTile.png 2200 500 100 100 0
object maps/custom_isometric/objects/scenery/sceneryGrassTile.png 2300 500 100 100 0
object maps/custom_isometric/objects/scenery/sceneryBlockTree.png 2300 500 100 100 0
object maps/custom_isometric/objects/scenery/sceneryGrassTile.png 2400 500 100 100 0
object maps/custom_isometric/objects/scenery/sceneryGrassTile.png 2500 500 100 100 0
object maps/custom_isometric/objects/scenery/sceneryGrassTile.png 2600 500 100 100 0
object maps/custom_isometric/objects/scenery/sceneryGrassTileUL.png 2700 500 100 100 0
object maps/custom_isometric/objects/scenery/sceneryGrassTileLR.png 500 600 100 100 0
object maps/custom_isometric/objects/scenery/sceneryGrassTile.png 600 600 100 100 0
object maps/custom_isometric/objects/scenery/sceneryGrassTile.png 700 600 100 100 0
object maps/custom_isometric/objects/scenery/sceneryGrassTile.png 800 600 100 100 0
object maps/custom_isometric/objects/scenery/sceneryGrassTile.png 900 600 100 100 0
object maps/custom_isometric/objects/scenery/sceneryGrassTile.png 1000 600 100 100 0
object maps/custom_isometric/objects/scenery/sceneryGrassTile.png 1100 600 100 100 0
object maps/custom_isometric/objects/scenery/sceneryBlockTree.png 1100 600 100 100 0
object maps/custom_isometric/objects/scenery/sceneryGrassTile.png 1200 600 100 100 0
object maps/custom_isometric/objects/scenery/sceneryGrassTile.png 1300 600 100 100 0
object maps/custom_isometric/objects/scenery/sceneryGrassTile.png 1400 600 100 100 0
object maps/custom_isometric/objects/scenery/sceneryGrassTile.png 1500 600 100 100 0
object maps/custom_isometric/objects/scenery/sceneryGrassTileUL.png 1600 600 100 100 0
object maps/custom_isometric/objects/scenery/sceneryGrassTileLR.png 1700 600 100 100 0
object maps/custom_isometric/objects/scenery/sceneryGrassTile.png 1800 600 100 100 0
object maps/custom_isometric/objects/scenery/sceneryGrassTile.png 1900 600 100 100 0
object maps/custom_isometric/objects/scenery/sceneryBlockTree.png 1900 600 100 100 0
object maps/custom_isometric/objects/scenery/sceneryGrassTile.png 2000 600 100 100 0
object maps/custom_isometric/objects/scenery/sceneryGrassTile.png 2100 600 100 100 0
object maps/custom_isometric/objects/scenery/sceneryGrassTile.png 2200 600 100 100 0
object maps/custom_isometric/objects/scenery/sceneryGrassTile.png 2300 600 100 100 0
object maps/custom_isometric/objects/scenery/sceneryGrassTile.png 2400 600 100 100 0
object maps/custom_isometric/objects/scenery/sceneryGrassTile.png 2500 600 100 100 0
object maps/custom_isometric/objects/scenery/sceneryGrassTileUL.png 2600 600 100 100 0
object maps/custom_isometric/objects/scenery/sceneryGrassTileLR.png 400 700 100 100 0
object maps/custom_isometric/objects/scenery/sceneryGrassTile.png 500 700 100 100 0
object maps/custom_isometric/objects/scenery/sceneryGrassTile.png 600 700 100 100 0
object maps/custom_isometric/objects/scenery/sceneryGrassTile.png 700 700 100 100 0
object maps/custom_isometric/objects/scenery/sceneryGrassTile.png 800 700 100 100 0
object maps/custom_isometric/objects/scenery/sceneryGrassTile.png 900 700 100 100 0
object maps/custom_isometric/objects/scenery/sceneryBlockTree.png 900 700 100 100 0
object maps/custom_isometric/objects/scenery/sceneryGrassTile.png 1000 700 100 100 0
object maps/custom_isometric/objects/scenery/sceneryGrassTile.png 1100 700 100 100 0
object maps/custom_isometric/objects/scenery/sceneryGrassTile.png 1200 700 100 100 0
object maps/custom_isometric/objects/scenery/sceneryGrassTile.png 1300 700 100 100 0
object maps/custom_isometric/objects/scenery/sceneryGrassTile.png 1400 700 100 100 0
object maps/custom_isometric/objects/scenery/sceneryGrassTileUL.png 1500 700 100 100 0
object maps/custom_isometric/objects/scenery/sceneryGrassTileLR.png 1600 700 100 100 0
object maps/custom_isometric/objects/scenery/sceneryGrassTile.png 1700 700 100 100 0
object maps/custom_isometric/objects/scenery/sceneryGrassTile.png 1800 700 100 100 0
object maps/custom_isometric/objects/scenery/sceneryGrassTile.png 1900 700 100 100 0
object maps/custom_isometric/objects/scenery/sceneryGrassTile.png 2000 700 100 100 0
object maps/custom_isometric/objects/scenery/sceneryGrassTile.png 2100 700 100 100 0
object maps/custom_isometric/objects/scenery/sceneryGrassTile.png 2200 700 100 100 0
object maps/custom_isometric/objects/scenery/sceneryGrassTile.png 2300 700 100 100 0
object maps/custom_isometric/objects/scenery/sceneryGrassTile.png 2400 700 100 100 0
object maps/custom_isometric/objects/scenery/sceneryGrassTileUL.png 2500 700 100 100 0
object maps/custom_isometric/objects/scenery/sceneryGrassTileLR.png 300 800 100 100 0
object maps/custom_isometric/objects/scenery/sceneryGrassTile.png 400 800 100 100 0
object maps/custom_isometric/objects/scenery/sceneryGrassTile.png 500 800 100 100 0
object maps/custom_isometric/objects/scenery/sceneryGrassTile.png 600 800 100 100 0
object maps/custom_isometric/objects/scenery/sceneryGrassTile.png 700 800 100 100 0
object maps/custom_isometric/objects/scenery/sceneryGrassTile.png 800 800 100 100 0
object maps/custom_isometric/objects/scenery/sceneryGrassTile.png 900 800 100 100 0
object maps/custom_isometric/objects/scenery/sceneryGrassTile.png 1000 800 100 100 0
object maps/custom_isometric/objects/scenery/sceneryGrassTile.png 1100 800 100 100 0
object maps/custom_isometric/objects/scenery/sceneryGrassTile.png 1200 800 100 100 0
object maps/custom_isometric/objects/scenery/sceneryGrassTile.png 1300 800 100 100 0
object maps/custom_isometric/objects/scenery/sceneryGrassTileUL.png 1400 800 100 100 0
object maps/custom_isometric/objects/scenery/sceneryGrassTileLR.png 1500 800 100 100 0
object maps/custom_isometric/objects/scenery/sceneryGrassTile.png 1600 800 100 100 0
object maps/custom_isometric/objects/scenery/sceneryGrassTile.png 1700 800 100 100 0
object maps/custom_isometric/objects/scenery/sceneryGrassTile.png 1800 800 100 100 0
object maps/custom_isometric/objects/scenery/sceneryBlockTree.png 1800 800 100 100 0
object maps/custom_isometric/objects/scenery/sceneryGrassTile.png 1900 800 100 100 0
object maps/custom_isometric/objects/scenery/sceneryGrassTile.png 2000 800 100 100 0
object maps/custom_isometric/objects/scenery/sceneryGrassTile.png 2100 800 100 100 0
object maps/custom_isometric/objects/scenery/sceneryGrassTile.png 2200 800 100 100 0
object maps/custom_isometric/objects/scenery/sceneryGrassTile.png 2300 800 100 100 0
object maps/custom_isometric/objects/scenery/sceneryGrassTileUL.png 2400 800 100 100 0
object maps/custom_isometric/objects/scenery/sceneryGrassTileLR.png 200 900 100 100 0
object maps/custom_isometric/objects/scenery/sceneryGrassTile.png 300 900 100 100 0
object maps/custom_isometric/objects/scenery/sceneryGrassTile.png 400 900 100 100 0
object maps/custom_isometric/objects/scenery/sceneryGrassTile.png 500 900 100 100 0
object maps/custom_isometric/objects/scenery/sceneryGrassTile.png 600 900 100 100 0
object maps/custom_isometric/objects/scenery/sceneryGrassTile.png 700 900 100 100 0
object maps/custom_isometric/objects/scenery/sceneryGrassTile.png 800 900 100 100 0
object maps/custom_isometric/objects/scenery/sceneryGrassTile.png 900 900 100 100 0
object maps/custom_isometric/objects/scenery/sceneryBlockTree.png 900 900 100 100 0
object maps/custom_isometric/objects/scenery/sceneryGrassTile.png 1000 900 100 100 0
object maps/custom_isometric/objects/scenery/sceneryGrassTile.png 1100 900 100 100 0
object maps/custom_isometric/objects/scenery/sceneryGrassTile.png 1200 900 100 100 0
object maps/custom_isometric/objects/scenery/sceneryGrassTileUL.png 1300 900 100 100 0
object maps/custom_isometric/objects/scenery/sceneryGrassTileLR.png 1400 900 100 100 0
object maps/custom_isometric/objects/scenery/sceneryGrassTile.png 1500 900 100 100 0
object maps/custom_isometric/objects/scenery/sceneryGrassTile.png 1600 900 100 100 0
object maps/custom_isometric/objects/scenery/sceneryGrassTile.png 1700 900 100 100 0
object maps/custom_isometric/objects/scenery/sceneryGrassTile.png 1800 900 100 100 0
object maps/custom_isometric/objects/scenery/sceneryGrassTile.png 1900 900 100 100 0
object maps/custom_isometric/objects/scenery/sceneryGrassTile.png 2000 900 100 100 0
object maps/custom_isometric/objects/scenery/sceneryBlockTree.png 2000 900 100 100 0
object maps/custom_isometric/objects/scenery/sceneryGrassTile.png 2100 900 100 100 0
object maps/custom_isometric/objects/scenery/sceneryGrassTile.png 2200 900 100 100 0
object maps/custom_isometric/objects/scenery/sceneryGrassTileUL.png 2300 900 100 100 0
object maps/custom_isometric/objects/scenery/sceneryGrassTileLR.png 100 1000 100 100 0
object maps/custom_isometric/objects/scenery/sceneryGrassTile.png 200 1000 100 100 0
object maps/custom_isometric/objects/scenery/sceneryGrassTile.png 300 1000 100 100 0
object maps/custom_isometric/objects/scenery/sceneryGrassTile.png 400 1000 100 100 0
object maps/custom_isometric/objects/scenery/sceneryGrassTile.png 500 1000 100 100 0
object maps/custom_isometric/objects/scenery/sceneryGrassTile.png 600 1000 100 100 0
object maps/custom_isometric/objects/scenery/sceneryGrassTile.png 700 1000 100 100 0
object maps/custom_isometric/objects/scenery/sceneryGrassTile.png 800 1000 100 100 0
object maps/custom_isometric/objects/scenery/sceneryGrassTile.png 900 1000 100 100 0
object maps/custom_isometric/objects/scenery/sceneryGrassTile.png 1000 1000 100 100 0
object maps/custom_isometric/objects/scenery/sceneryGrassTile.png 1100 1000 100 100 0
object maps/custom_isometric/objects/scenery/sceneryGrassTileUL.png 1200 1000 100 100 0
object maps/custom_isometric/objects/scenery/sceneryGrassTileLR.png 1300 1000 100 100 0
object maps/custom_isometric/objects/scenery/sceneryGrassTile.png 1400 1000 100 100 0
object maps/custom_isometric/objects/scenery/sceneryGrassTile.png 1500 1000 100 100 0
object maps/custom_isometric/objects/scenery/sceneryGrassTile.png 1600 1000 100 100 0
object maps/custom_isometric/objects/scenery/sceneryGrassTile.png 1700 1000 100 100 0
object maps/custom_isometric/objects/scenery/sceneryGrassTile.png 1800 1000 100 100 0
object maps/custom_isometric/objects/scenery/sceneryGrassTile.png 1900 1000 100 100 0
object maps/custom_isometric/objects/scenery/sceneryGrassTile.png 2000 1000 100 100 0
object maps/custom_isometric/objects/scenery/sceneryGrassTile.png 2100 1000 100 100 0
object maps/custom_isometric/objects/scenery/sceneryGrassTileUL.png 2200 1000 100 100 0
object maps/custom_isometric/objects/scenery/sceneryGrassTileLR.png 0 1100 100 100 0
object maps/custom_isometric/objects/scenery/sceneryGrassTile.png 100 1100 100 100 0
object maps/custom_isometric/objects/scenery/sceneryGrassTile.png 200 1100 100 100 0
object maps/custom_isometric/objects/scenery/sceneryGrassTile.png 300 1100 100 100 0
object maps/custom_isometric/objects/scenery/sceneryGrassTile.png 400 1100 100 100 0
object maps/custom_isometric/objects/scenery/sceneryGrassTile.png 500 1100 100 100 0
object maps/custom_isometric/objects/scenery/sceneryGrassTile.png 600 1100 100 100 0
object maps/custom_isometric/objects/scenery/sceneryGrassTile.png 700 1100 100 100 0
object maps/custom_isometric/objects/scenery/sceneryGrassTile.png 800 1100 100 100 0
object maps/custom_isometric/objects/scenery/sceneryGrassTile.png 900 1100 100 100 0
object maps/custom_isometric/objects/scenery/sceneryGrassTile.png 1000 1100 100 100 0
object maps/custom_isometric/objects/scenery/sceneryGrassTileUL.png 1100 1100 100 100 0
object maps/custom_isometric/objects/scenery/sceneryGrassTileLR.png 1200 1100 100 100 0
object maps/custom_isometric/objects/scenery/sceneryGrassTile.png 1300 1100 100 100 0
object maps/custom_isometric/objects/scenery/sceneryGrassTile.png 1400 1100 100 100 0
object maps/custom_isometric/objects/scenery/sceneryGrassTile.png 1500 1100 100 100 0
object maps/custom_isometric/objects/scenery/sceneryGrassTile.png 1600 1100 100 100 0
object maps/custom_isometric/objects/scenery/sceneryGrassTile.png 1700 1100 100 100 0
object maps/custom_isometric/objects/scenery/sceneryGrassTile.png 1800 1100 100 100 0
object maps/custom_isometric/objects/scenery/sceneryGrassTile.png 1900 1100 100 100 0
object maps/custom_isometric/objects/scenery/sceneryGrassTile.png 2000 1100 100 100 0
object maps/custom_isometric/objects/scenery/sceneryGrassTileUL.png 2100 1100 100 100 0
object maps/custom_isometric/objects/scenery/sceneryGrassTileLR.png 1100 1200 100 100 0
object maps/custom_isometric/objects/scenery/sceneryGrassTile.png 1200 1200 100 100 0
object maps/custom_isometric/objects/scenery/sceneryGrassTile.png 1300 1200 100 100 0
object maps/custom_isometric/objects/scenery/sceneryGrassTile.png 1400 1200 100 100 0
object maps/custom_isometric/objects/scenery/sceneryGrassTile.png 1500 1200 100 100 0
object maps/custom_isometric/objects/scenery/sceneryGrassTile.png 1600 1200 100 100 0
object maps/custom_isometric/objects/scenery/sceneryGrassTile.png 1700 1200 100 100 0
object maps/custom_isometric/objects/scenery/sceneryGrassTile.png 1800 1200 100 100 0
object maps/custom_isometric/objects/scenery/sceneryGrassTile.png 1900 1200 100 100 0
object maps/custom_isometric/objects/scenery/sceneryGrassTileUL.png 2000 1200 100 100 0
object maps/custom_isometric/objects/scenery/sceneryGrassTile.png 1000 1400 100 100 0
object maps/custom_isometric/objects/scenery/sceneryGrassTile.png 1600 1400 100 100 0
object maps/custom_isometric/objects/scenery/sceneryGrassTile.png 2200 1400 100 100 0


