map custom_1
scene test-scene1
background maps/custom_1/dungeonbackground.jpg 3000 3000
entity maps/custom_1/animations/bigredrotate/bigRed090.png 500 300 100 100 maps/custom_1/animations/bigredrotate 0 1
entity maps/custom_1/animations/bigredrotate_evil/bigRed090_evil.png 1100 1200 100 100 maps/custom_1/animations/bigredrotate_evil 0 1
entity maps/custom_1/animations/bigredrotate_evil/bigRed090_evil.png 1700 1200 100 100 maps/custom_1/animations/bigredrotate_evil 0 1
entity maps/custom_1/animations/bigredrotate_evil/bigRed090_evil.png 2200 1200 100 100 maps/custom_1/animations/bigredrotate_evil 0 1
object maps/custom_1/objects/scenery/sceneryBlock.png 400 400 100 100 1
object maps/custom_1/objects/scenery/sceneryBlock.png 500 400 100 100 1
object maps/custom_1/objects/scenery/sceneryBlock.png 600 400 100 100 1
object maps/custom_1/objects/scenery/sceneryBlock.png 400 500 100 100 1
object maps/custom_1/objects/scenery/sceneryBlock.png 500 500 100 100 1
object maps/custom_1/objects/scenery/sceneryBlock.png 600 500 100 100 1
object maps/custom_1/objects/scenery/sceneryBlock.png 700 500 100 100 1
object maps/custom_1/objects/scenery/sceneryBlock.png 400 600 100 100 1
object maps/custom_1/objects/scenery/sceneryBlock.png 500 600 100 100 1
object maps/custom_1/objects/scenery/sceneryBlock.png 600 600 100 100 1
object maps/custom_1/objects/scenery/sceneryBlock.png 800 600 100 100 1
object maps/custom_1/objects/scenery/sceneryBlock.png 1900 600 100 100 1
object maps/custom_1/objects/scenery/sceneryBlock.png 2000 600 100 100 1
object maps/custom_1/objects/scenery/sceneryBlock.png 900 700 100 100 1
object maps/custom_1/objects/scenery/sceneryBlock.png 1000 700 100 100 1
object maps/custom_1/objects/scenery/sceneryBlock.png 1100 700 100 100 1
object maps/custom_1/objects/scenery/sceneryBlock.png 1200 700 100 100 1
object maps/custom_1/objects/scenery/sceneryBlock.png 1300 700 100 100 1
object maps/custom_1/objects/scenery/sceneryBlock.png 1400 700 100 100 1
object maps/custom_1/objects/scenery/sceneryBlock.png 1600 700 100 100 1
object maps/custom_1/objects/scenery/sceneryBlock.png 1800 700 100 100 1
object maps/custom_1/objects/scenery/sceneryBlock.png 1900 700 100 100 1
object maps/custom_1/objects/scenery/sceneryBlock.png 2000 700 100 100 1
object maps/custom_1/objects/scenery/sceneryBlock.png 900 800 100 100 1
object maps/custom_1/objects/scenery/sceneryBlock.png 1000 800 100 100 1
object maps/custom_1/objects/scenery/sceneryBlock.png 1300 800 100 100 1
object maps/custom_1/objects/scenery/sceneryBlock.png 1400 800 100 100 1
object maps/custom_1/objects/scenery/sceneryBlock.png 1800 800 100 100 1
object maps/custom_1/objects/scenery/sceneryBlock.png 1900 800 100 100 1
object maps/custom_1/objects/scenery/sceneryBlockTree.png 200 1200 100 100 0
object maps/custom_1/objects/scenery/sceneryBlockTree.png 500 1200 100 100 0
object maps/custom_1/objects/scenery/sceneryBlockTree.png 1000 1200 100 100 0
object maps/custom_1/objects/scenery/sceneryBlockTree.png 1800 1200 100 100 0
object maps/custom_1/objects/scenery/sceneryBlockTree.png 2400 1200 100 100 0
object maps/custom_1/objects/scenery/sceneryBlockTree.png 2700 1200 100 100 0
object maps/custom_1/objects/scenery/sceneryBlock.png 0 1300 100 100 1
object maps/custom_1/objects/scenery/sceneryBlock.png 100 1300 100 100 1
object maps/custom_1/objects/scenery/sceneryBlock.png 200 1300 100 100 1
object maps/custom_1/objects/scenery/sceneryBlock.png 300 1300 100 100 1
object maps/custom_1/objects/scenery/sceneryBlock.png 400 1300 100 100 1
object maps/custom_1/objects/scenery/sceneryBlock.png 500 1300 100 100 1
object maps/custom_1/objects/scenery/sceneryBlock.png 600 1300 100 100 1
object maps/custom_1/objects/scenery/sceneryBlock.png 700 1300 100 100 1
object maps/custom_1/objects/scenery/sceneryBlock.png 800 1300 100 100 1
object maps/custom_1/objects/scenery/sceneryBlock.png 900 1300 100 100 1
object maps/custom_1/objects/scenery/sceneryBlock.png 1000 1300 100 100 1
object maps/custom_1/objects/scenery/sceneryBlock.png 1100 1300 100 100 1
object maps/custom_1/objects/scenery/sceneryBlock.png 1200 1300 100 100 1
object maps/custom_1/objects/scenery/sceneryBlock.png 1300 1300 100 100 1
object maps/custom_1/objects/scenery/sceneryBlock.png 1400 1300 100 100 1
object maps/custom_1/objects/scenery/sceneryBlock.png 1500 1300 100 100 1
object maps/custom_1/objects/scenery/sceneryBlock.png 1600 1300 100 100 1
object maps/custom_1/objects/scenery/sceneryBlock.png 1700 1300 100 100 1
object maps/custom_1/objects/scenery/sceneryBlock.png 1800 1300 100 100 1
object maps/custom_1/objects/scenery/sceneryBlock.png 1900 1300 100 100 1
object maps/custom_1/objects/scenery/sceneryBlock.png 2000 1300 100 100 1
object maps/custom_1/objects/scenery/sceneryBlock.png 2100 1300 100 100 1
object maps/custom_1/objects/scenery/sceneryBlock.png 2200 1300 100 100 1
object maps/custom_1/objects/scenery/sceneryBlock.png 2300 1300 100 100 1
object maps/custom_1/objects/scenery/sceneryBlock.png 2400 1300 100 100 1
object maps/custom_1/objects/scenery/sceneryBlock.png 2500 1300 100 100 1
object maps/custom_1/objects/scenery/sceneryBlock.png 2600 1300 100 100 1
object maps/custom_1/objects/scenery/sceneryBlock.png 2700 1300 100 100 1
object maps/custom_1/objects/scenery/sceneryBlock.png 2800 1300 100 100 1
object maps/custom_1/objects/scenery/sceneryBlock.png 2900 1300 100 100 1
object maps/custom_1/objects/scenery/sceneryBlockTile.png 0 1400 100 100 0
object maps/custom_1/objects/scenery/sceneryBlockTile.png 100 1400 100 100 0
object maps/custom_1/objects/scenery/sceneryBlockTile.png 200 1400 100 100 0
object maps/custom_1/objects/scenery/sceneryBlockTile.png 300 1400 100 100 0
object maps/custom_1/objects/scenery/sceneryBlockTile.png 400 1400 100 100 0
object maps/custom_1/objects/scenery/sceneryBlockTile.png 500 1400 100 100 0
object maps/custom_1/objects/scenery/sceneryBlockTile.png 600 1400 100 100 0
object maps/custom_1/objects/scenery/sceneryBlockTile.png 700 1400 100 100 0
object maps/custom_1/objects/scenery/sceneryBlockTile.png 800 1400 100 100 0
object maps/custom_1/objects/scenery/sceneryBlockTile.png 900 1400 100 100 0
object maps/custom_1/objects/scenery/sceneryBlockTile.png 1000 1400 100 100 0
object maps/custom_1/objects/scenery/sceneryBlockTile.png 1100 1400 100 100 0
object maps/custom_1/objects/scenery/sceneryBlockTile.png 1200 1400 100 100 0
object maps/custom_1/objects/scenery/sceneryBlockTile.png 1300 1400 100 100 0
object maps/custom_1/objects/scenery/sceneryBlockTile.png 1400 1400 100 100 0
object maps/custom_1/objects/scenery/sceneryBlockTile.png 1500 1400 100 100 0
object maps/custom_1/objects/scenery/sceneryBlockTile.png 1600 1400 100 100 0
object maps/custom_1/objects/scenery/sceneryBlockTile.png 1700 1400 100 100 0
object maps/custom_1/objects/scenery/sceneryBlockTile.png 1800 1400 100 100 0
object maps/custom_1/objects/scenery/sceneryBlockTile.png 1900 1400 100 100 0
object maps/custom_1/objects/scenery/sceneryBlockTile.png 2000 1400 100 100 0
object maps/custom_1/objects/scenery/sceneryBlockTile.png 2100 1400 100 100 0
object maps/custom_1/objects/scenery/sceneryBlockTile.png 2200 1400 100 100 0
object maps/custom_1/objects/scenery/sceneryBlockTile.png 2300 1400 100 100 0
object maps/custom_1/objects/scenery/sceneryBlockTile.png 2400 1400 100 100 0
object maps/custom_1/objects/scenery/sceneryBlockTile.png 2500 1400 100 100 0
object maps/custom_1/objects/scenery/sceneryBlockTile.png 2600 1400 100 100 0
object maps/custom_1/objects/scenery/sceneryBlockTile.png 2700 1400 100 100 0
object maps/custom_1/objects/scenery/sceneryBlockTile.png 2800 1400 100 100 0
object maps/custom_1/objects/scenery/sceneryBlockTile.png 2900 1400 100 100 0
object maps/custom_1/objects/scenery/sceneryGrassTileLR.png 1300 1700 100 100 0
object maps/custom_1/objects/scenery/sceneryGrassTile.png 1400 1700 100 100 0
object maps/custom_1/objects/scenery/sceneryGrassTile.png 1500 1700 100 100 0
object maps/custom_1/objects/scenery/sceneryGrassTile.png 1600 1700 100 100 0
object maps/custom_1/objects/scenery/sceneryGrassTile.png 1700 1700 100 100 0
object maps/custom_1/objects/scenery/sceneryGrassTileUL.png 1800 1700 100 100 0
object maps/custom_1/objects/scenery/sceneryGrassTileLR.png 1900 1700 100 100 0
object maps/custom_1/objects/scenery/sceneryGrassTile.png 2000 1700 100 100 0
object maps/custom_1/objects/scenery/sceneryGrassTile.png 2100 1700 100 100 0
object maps/custom_1/objects/scenery/sceneryGrassTile.png 2200 1700 100 100 0
object maps/custom_1/objects/scenery/sceneryGrassTile.png 2300 1700 100 100 0
object maps/custom_1/objects/scenery/sceneryGrassTileUL.png 2400 1700 100 100 0
object maps/custom_1/objects/scenery/sceneryGrassTileLR.png 1200 1800 100 100 0
object maps/custom_1/objects/scenery/sceneryGrassTile.png 1300 1800 100 100 0
object maps/custom_1/objects/scenery/sceneryGrassTile.png 1400 1800 100 100 0
object maps/custom_1/objects/scenery/sceneryGrassTile.png 1500 1800 100 100 0
object maps/custom_1/objects/scenery/sceneryGrassTile.png 1600 1800 100 100 0
object maps/custom_1/objects/scenery/sceneryGrassTileUL.png 1700 1800 100 100 0
object maps/custom_1/objects/scenery/sceneryGrassTileLR.png 1800 1800 100 100 0
object maps/custom_1/objects/scenery/sceneryGrassTile.png 1900 1800 100 100 0
object maps/custom_1/objects/scenery/sceneryGrassTile.png 2000 1800 100 100 0
object maps/custom_1/objects/scenery/sceneryGrassTile.png 2100 1800 100 100 0
object maps/custom_1/objects/scenery/sceneryGrassTile.png 2200 1800 100 100 0
object maps/custom_1/objects/scenery/sceneryGrassTileUL.png 2300 1800 100 100 0
object maps/custom_1/objects/scenery/sceneryGrassTileLR.png 1100 1900 100 100 0
object maps/custom_1/objects/scenery/sceneryGrassTile.png 1200 1900 100 100 0
object maps/custom_1/objects/scenery/sceneryGrassTile.png 1300 1900 100 100 0
object maps/custom_1/objects/scenery/sceneryGrassTile.png 1400 1900 100 100 0
object maps/custom_1/objects/scenery/sceneryGrassTile.png 1500 1900 100 100 0
object maps/custom_1/objects/scenery/sceneryGrassTileUL.png 1600 1900 100 100 0
object maps/custom_1/objects/scenery/sceneryGrassTileLR.png 1700 1900 100 100 0
object maps/custom_1/objects/scenery/sceneryGrassTile.png 1800 1900 100 100 0
object maps/custom_1/objects/scenery/sceneryGrassTile.png 1900 1900 100 100 0
object maps/custom_1/objects/scenery/sceneryGrassTile.png 2000 1900 100 100 0
object maps/custom_1/objects/scenery/sceneryGrassTile.png 2100 1900 100 100 0
object maps/custom_1/objects/scenery/sceneryGrassTileUL.png 2200 1900 100 100 0


